mode: atomic
github.com/go-compressions/bzip2/bitwriter.go:23.43,25.2 1 86
github.com/go-compressions/bzip2/bitwriter.go:28.49,29.18 1 1166595
github.com/go-compressions/bzip2/bitwriter.go:29.18,31.3 1 457862
github.com/go-compressions/bzip2/bitwriter.go:32.2,34.15 3 708733
github.com/go-compressions/bzip2/bitwriter.go:34.15,37.25 3 659714
github.com/go-compressions/bzip2/bitwriter.go:37.25,39.4 1 156
github.com/go-compressions/bzip2/bitwriter.go:48.36,50.2 1 36181
github.com/go-compressions/bzip2/bitwriter.go:53.29,54.37 1 229
github.com/go-compressions/bzip2/bitwriter.go:54.37,56.3 1 2
github.com/go-compressions/bzip2/bitwriter.go:57.2,58.19 2 227
github.com/go-compressions/bzip2/bitwriter.go:67.35,68.13 1 72
github.com/go-compressions/bzip2/bitwriter.go:68.13,71.3 2 50
github.com/go-compressions/bzip2/bitwriter.go:72.2,73.14 2 72
github.com/go-compressions/bzip2/bwt.go:20.38,22.12 2 95
github.com/go-compressions/bzip2/bwt.go:22.12,24.3 1 1
github.com/go-compressions/bzip2/bwt.go:25.2,31.22 4 94
github.com/go-compressions/bzip2/bwt.go:31.22,33.3 1 1294298
github.com/go-compressions/bzip2/bwt.go:34.2,35.21 2 94
github.com/go-compressions/bzip2/bwt.go:35.21,39.3 3 24064
github.com/go-compressions/bzip2/bwt.go:40.2,40.22 1 94
github.com/go-compressions/bzip2/bwt.go:40.22,43.3 2 1294298
github.com/go-compressions/bzip2/bwt.go:44.2,46.25 3 94
github.com/go-compressions/bzip2/bwt.go:46.25,47.35 1 1294204
github.com/go-compressions/bzip2/bwt.go:47.35,49.4 1 6609
github.com/go-compressions/bzip2/bwt.go:50.3,50.32 1 1294204
github.com/go-compressions/bzip2/bwt.go:53.2,56.49 4 94
github.com/go-compressions/bzip2/bwt.go:56.49,66.24 2 195
github.com/go-compressions/bzip2/bwt.go:66.24,68.13 2 4209951
github.com/go-compressions/bzip2/bwt.go:68.13,70.5 1 33608
github.com/go-compressions/bzip2/bwt.go:71.4,71.19 1 4209951
github.com/go-compressions/bzip2/bwt.go:75.3,77.30 3 195
github.com/go-compressions/bzip2/bwt.go:77.30,79.4 1 4209951
github.com/go-compressions/bzip2/bwt.go:80.3,81.20 2 195
github.com/go-compressions/bzip2/bwt.go:81.20,85.4 3 1683876
github.com/go-compressions/bzip2/bwt.go:86.3,86.30 1 195
github.com/go-compressions/bzip2/bwt.go:86.30,89.4 2 4209951
github.com/go-compressions/bzip2/bwt.go:91.3,93.26 3 195
github.com/go-compressions/bzip2/bwt.go:93.26,96.29 3 4209756
github.com/go-compressions/bzip2/bwt.go:96.29,98.5 1 33531
github.com/go-compressions/bzip2/bwt.go:99.4,99.30 1 4209756
github.com/go-compressions/bzip2/bwt.go:99.30,101.5 1 33591
github.com/go-compressions/bzip2/bwt.go:102.4,102.74 1 4209756
github.com/go-compressions/bzip2/bwt.go:102.74,104.5 1 2821027
github.com/go-compressions/bzip2/bwt.go:105.4,105.33 1 4209756
github.com/go-compressions/bzip2/bwt.go:107.3,112.22 2 195
github.com/go-compressions/bzip2/bwt.go:112.22,113.9 1 21
github.com/go-compressions/bzip2/bwt.go:115.3,115.17 1 174
github.com/go-compressions/bzip2/bwt.go:117.2,117.14 1 94
github.com/go-compressions/bzip2/bwt.go:125.52,129.26 4 83
github.com/go-compressions/bzip2/bwt.go:129.26,130.13 1 1294232
github.com/go-compressions/bzip2/bwt.go:130.13,133.12 3 83
github.com/go-compressions/bzip2/bwt.go:135.3,135.18 1 1294149
github.com/go-compressions/bzip2/bwt.go:137.2,137.21 1 83
github.com/go-compressions/bzip2/bzip2.go:53.37,53.74 1 3
github.com/go-compressions/bzip2/bzip2.go:61.62,62.28 1 86
github.com/go-compressions/bzip2/bzip2.go:62.28,64.3 1 4
github.com/go-compressions/bzip2/bzip2.go:65.2,65.33 1 82
github.com/go-compressions/bzip2/bzip2.go:70.48,85.2 7 85
github.com/go-compressions/bzip2/bzip2.go:88.47,89.14 1 833
github.com/go-compressions/bzip2/bzip2.go:89.14,91.3 1 1
github.com/go-compressions/bzip2/bzip2.go:92.2,92.22 1 832
github.com/go-compressions/bzip2/bzip2.go:92.22,94.30 2 2348616
github.com/go-compressions/bzip2/bzip2.go:94.30,95.41 1 9
github.com/go-compressions/bzip2/bzip2.go:95.41,97.5 1 5
github.com/go-compressions/bzip2/bzip2.go:100.2,100.25 1 827
github.com/go-compressions/bzip2/bzip2.go:108.34,109.51 1 2348616
github.com/go-compressions/bzip2/bzip2.go:109.51,112.3 2 1075707
github.com/go-compressions/bzip2/bzip2.go:113.2,114.25 2 1272909
github.com/go-compressions/bzip2/bzip2.go:129.28,130.9 1 1272985
github.com/go-compressions/bzip2/bzip2.go:131.21,132.9 1 76
github.com/go-compressions/bzip2/bzip2.go:133.20,134.22 1 1268744
github.com/go-compressions/bzip2/bzip2.go:134.22,136.4 1 1273332
github.com/go-compressions/bzip2/bzip2.go:137.10,138.78 1 4165
github.com/go-compressions/bzip2/bzip2.go:140.2,141.26 2 1272909
github.com/go-compressions/bzip2/bzip2.go:141.26,143.3 1 2348616
github.com/go-compressions/bzip2/bzip2.go:144.2,145.14 2 1272909
github.com/go-compressions/bzip2/bzip2.go:150.32,151.14 1 77
github.com/go-compressions/bzip2/bzip2.go:151.14,153.3 1 1
github.com/go-compressions/bzip2/bzip2.go:154.2,155.22 2 76
github.com/go-compressions/bzip2/bzip2.go:155.22,156.40 1 68
github.com/go-compressions/bzip2/bzip2.go:156.40,158.4 1 5
github.com/go-compressions/bzip2/bzip2.go:160.2,163.21 4 71
github.com/go-compressions/bzip2/bzip2.go:173.37,180.2 6 77
github.com/go-compressions/bzip2/bzip2.go:184.54,190.25 5 77
github.com/go-compressions/bzip2/bzip2.go:190.25,192.3 1 1124294
github.com/go-compressions/bzip2/bzip2.go:193.2,213.25 12 77
github.com/go-compressions/bzip2/bzip2.go:213.25,217.3 1 22540
github.com/go-compressions/bzip2/bzip2.go:218.2,218.22 1 77
github.com/go-compressions/bzip2/bzip2.go:218.22,220.3 1 154
github.com/go-compressions/bzip2/bzip2.go:221.2,221.25 1 77
github.com/go-compressions/bzip2/bzip2.go:221.25,223.3 1 1124294
github.com/go-compressions/bzip2/bzip2.go:233.46,235.25 2 77
github.com/go-compressions/bzip2/bzip2.go:235.25,237.3 1 6628
github.com/go-compressions/bzip2/bzip2.go:238.2,239.28 2 77
github.com/go-compressions/bzip2/bzip2.go:239.28,240.8 1 19712
github.com/go-compressions/bzip2/bzip2.go:240.8,242.4 1 6628
github.com/go-compressions/bzip2/bzip2.go:244.2,245.27 2 77
github.com/go-compressions/bzip2/bzip2.go:245.27,246.8 1 1232
github.com/go-compressions/bzip2/bzip2.go:246.8,248.4 1 498
github.com/go-compressions/bzip2/bzip2.go:250.2,251.27 2 77
github.com/go-compressions/bzip2/bzip2.go:251.27,252.9 1 1232
github.com/go-compressions/bzip2/bzip2.go:252.9,253.12 1 734
github.com/go-compressions/bzip2/bzip2.go:255.3,256.21 2 498
github.com/go-compressions/bzip2/bzip2.go:256.21,257.23 1 7968
github.com/go-compressions/bzip2/bzip2.go:257.23,259.5 1 6628
github.com/go-compressions/bzip2/bzip2.go:261.3,261.27 1 498
github.com/go-compressions/bzip2/bzip2.go:271.48,274.28 3 154
github.com/go-compressions/bzip2/bzip2.go:274.28,276.18 2 13564
github.com/go-compressions/bzip2/bzip2.go:276.18,279.4 2 2392
github.com/go-compressions/bzip2/bzip2.go:280.3,280.18 1 13564
github.com/go-compressions/bzip2/bzip2.go:280.18,283.4 2 2132
github.com/go-compressions/bzip2/bzip2.go:284.3,284.22 1 13564
github.com/go-compressions/bzip2/crc.go:19.13,21.26 2 1
github.com/go-compressions/bzip2/crc.go:21.26,23.15 2 256
github.com/go-compressions/bzip2/crc.go:23.15,24.27 1 2048
github.com/go-compressions/bzip2/crc.go:24.27,26.5 1 1024
github.com/go-compressions/bzip2/crc.go:26.10,28.5 1 1024
github.com/go-compressions/bzip2/crc.go:30.3,30.20 1 256
github.com/go-compressions/bzip2/crc.go:35.45,37.22 2 1272909
github.com/go-compressions/bzip2/crc.go:37.22,39.3 1 2348616
github.com/go-compressions/bzip2/crc.go:40.2,40.13 1 1272909
github.com/go-compressions/bzip2/crc.go:47.46,49.2 1 77
github.com/go-compressions/bzip2/huffman.go:24.55,26.24 2 79
github.com/go-compressions/bzip2/huffman.go:26.24,28.3 1 6823
github.com/go-compressions/bzip2/huffman.go:29.2,30.6 2 79
github.com/go-compressions/bzip2/huffman.go:30.6,31.36 1 80
github.com/go-compressions/bzip2/huffman.go:31.36,33.4 1 79
github.com/go-compressions/bzip2/huffman.go:34.3,34.25 1 1
github.com/go-compressions/bzip2/huffman.go:34.25,36.4 1 40
github.com/go-compressions/bzip2/huffman.go:52.57,56.24 4 80
github.com/go-compressions/bzip2/huffman.go:56.24,59.3 2 6863
github.com/go-compressions/bzip2/huffman.go:63.2,63.20 1 80
github.com/go-compressions/bzip2/huffman.go:63.20,64.46 1 6783
github.com/go-compressions/bzip2/huffman.go:64.46,65.42 1 999905
github.com/go-compressions/bzip2/huffman.go:65.42,66.42 1 416487
github.com/go-compressions/bzip2/huffman.go:66.42,68.6 1 63532
github.com/go-compressions/bzip2/huffman.go:69.5,69.13 1 352955
github.com/go-compressions/bzip2/huffman.go:71.4,71.21 1 583418
github.com/go-compressions/bzip2/huffman.go:73.3,75.47 3 6783
github.com/go-compressions/bzip2/huffman.go:78.2,80.34 3 80
github.com/go-compressions/bzip2/huffman.go:80.34,82.18 2 13646
github.com/go-compressions/bzip2/huffman.go:82.18,83.18 1 6863
github.com/go-compressions/bzip2/huffman.go:83.18,85.5 1 1
github.com/go-compressions/bzip2/huffman.go:86.4,86.26 1 6863
github.com/go-compressions/bzip2/huffman.go:86.26,89.5 2 20
github.com/go-compressions/bzip2/huffman.go:90.4,91.10 2 6863
github.com/go-compressions/bzip2/huffman.go:93.3,94.26 2 6783
github.com/go-compressions/bzip2/huffman.go:96.2,97.11 2 80
github.com/go-compressions/bzip2/huffman.go:108.44,111.28 3 82
github.com/go-compressions/bzip2/huffman.go:111.28,114.3 2 6806
github.com/go-compressions/bzip2/huffman.go:115.2,116.36 2 82
github.com/go-compressions/bzip2/huffman.go:116.36,117.29 1 332
github.com/go-compressions/bzip2/huffman.go:117.29,118.14 1 43495
github.com/go-compressions/bzip2/huffman.go:118.14,121.5 2 6806
github.com/go-compressions/bzip2/huffman.go:123.3,123.12 1 332
github.com/go-compressions/bzip2/huffman.go:125.2,125.14 1 82
github.com/go-compressions/bzip2/mtf.go:28.59,30.24 2 83
github.com/go-compressions/bzip2/mtf.go:30.24,32.3 1 1294438
github.com/go-compressions/bzip2/mtf.go:33.2,34.25 2 83
github.com/go-compressions/bzip2/mtf.go:34.25,35.17 1 21248
github.com/go-compressions/bzip2/mtf.go:35.17,37.4 1 6896
github.com/go-compressions/bzip2/mtf.go:42.2,47.24 5 83
github.com/go-compressions/bzip2/mtf.go:47.24,49.20 2 1294438
github.com/go-compressions/bzip2/mtf.go:49.20,51.4 1 123530759
github.com/go-compressions/bzip2/mtf.go:52.3,52.13 1 1294438
github.com/go-compressions/bzip2/mtf.go:52.13,54.12 2 206785
github.com/go-compressions/bzip2/mtf.go:56.3,60.35 5 1087653
github.com/go-compressions/bzip2/mtf.go:62.2,64.19 3 83
github.com/go-compressions/bzip2/mtf.go:77.51,78.12 1 1092737
github.com/go-compressions/bzip2/mtf.go:78.12,80.3 1 1056305
github.com/go-compressions/bzip2/mtf.go:81.2,82.6 2 36432
github.com/go-compressions/bzip2/mtf.go:82.6,83.15 1 88677
github.com/go-compressions/bzip2/mtf.go:83.15,85.4 1 32417
github.com/go-compressions/bzip2/mtf.go:85.9,87.4 1 56260
github.com/go-compressions/bzip2/mtf.go:88.3,88.12 1 88677
github.com/go-compressions/bzip2/mtf.go:88.12,90.4 1 36432
github.com/go-compressions/bzip2/mtf.go:91.3,91.18 1 52245
